﻿  Determinando los proyectos que se van a restaurar...
  Todos los proyectos est├ín actualizados para la restauraci├│n.
  Tiquicia_Lodge.Domain -> C:\Users\esteb\Desktop\Tiquicia_Lodge\Tiquicia_Lodge.Domain\bin\Debug\net10.0\Tiquicia_Lodge.Domain.dll
C:\Users\esteb\Desktop\Tiquicia_Lodge\Tiquicia_Lodge.Application\Services\PagoService.cs(23,22): error CS7003: Uso inesperado de un nombre gen├®rico sin enlazar [C:\Users\esteb\Desktop\Tiquicia_Lodge\Tiquicia_Lodge.Application\Tiquicia_Lodge.Application.csproj]
C:\Users\esteb\Desktop\Tiquicia_Lodge\Tiquicia_Lodge.Application\Services\PagoService.cs(9,32): error CS0738: 'PagoService' no implementa el miembro de interfaz 'IPagoService.GetByIdAsync(int)'. 'PagoService.GetByIdAsync(int)' no puede implementar 'IPagoService.GetByIdAsync(int)' porque no tiene el tipo de valor devuelto coincidente de 'Task<Pago?>'. [C:\Users\esteb\Desktop\Tiquicia_Lodge\Tiquicia_Lodge.Application\Tiquicia_Lodge.Application.csproj]
C:\Users\esteb\Desktop\Tiquicia_Lodge\Tiquicia_Lodge.Application\Services\CalificacionPropiedadService.cs(23,22): error CS7003: Uso inesperado de un nombre gen├®rico sin enlazar [C:\Users\esteb\Desktop\Tiquicia_Lodge\Tiquicia_Lodge.Application\Tiquicia_Lodge.Application.csproj]
C:\Users\esteb\Desktop\Tiquicia_Lodge\Tiquicia_Lodge.Application\Services\CalificacionPropiedadService.cs(9,49): error CS0738: 'CalificacionPropiedadService' no implementa el miembro de interfaz 'ICalificacionPropiedadService.GetByIdAsync(int)'. 'CalificacionPropiedadService.GetByIdAsync(int)' no puede implementar 'ICalificacionPropiedadService.GetByIdAsync(int)' porque no tiene el tipo de valor devuelto coincidente de 'Task<CalificacionPropiedad?>'. [C:\Users\esteb\Desktop\Tiquicia_Lodge\Tiquicia_Lodge.Application\Tiquicia_Lodge.Application.csproj]
C:\Users\esteb\Desktop\Tiquicia_Lodge\Tiquicia_Lodge.Application\Services\ReservaService.cs(23,22): error CS7003: Uso inesperado de un nombre gen├®rico sin enlazar [C:\Users\esteb\Desktop\Tiquicia_Lodge\Tiquicia_Lodge.Application\Tiquicia_Lodge.Application.csproj]
C:\Users\esteb\Desktop\Tiquicia_Lodge\Tiquicia_Lodge.Application\Services\UsuarioService.cs(23,22): error CS7003: Uso inesperado de un nombre gen├®rico sin enlazar [C:\Users\esteb\Desktop\Tiquicia_Lodge\Tiquicia_Lodge.Application\Tiquicia_Lodge.Application.csproj]
C:\Users\esteb\Desktop\Tiquicia_Lodge\Tiquicia_Lodge.Application\Services\ReservaService.cs(9,35): error CS0738: 'ReservaService' no implementa el miembro de interfaz 'IReservaService.GetByIdAsync(int)'. 'ReservaService.GetByIdAsync(int)' no puede implementar 'IReservaService.GetByIdAsync(int)' porque no tiene el tipo de valor devuelto coincidente de 'Task<Reserva?>'. [C:\Users\esteb\Desktop\Tiquicia_Lodge\Tiquicia_Lodge.Application\Tiquicia_Lodge.Application.csproj]
C:\Users\esteb\Desktop\Tiquicia_Lodge\Tiquicia_Lodge.Application\Services\PropiedadService.cs(23,22): error CS7003: Uso inesperado de un nombre gen├®rico sin enlazar [C:\Users\esteb\Desktop\Tiquicia_Lodge\Tiquicia_Lodge.Application\Tiquicia_Lodge.Application.csproj]
C:\Users\esteb\Desktop\Tiquicia_Lodge\Tiquicia_Lodge.Application\Services\UsuarioService.cs(9,35): error CS0738: 'UsuarioService' no implementa el miembro de interfaz 'IUsuarioService.GetByIdAsync(int)'. 'UsuarioService.GetByIdAsync(int)' no puede implementar 'IUsuarioService.GetByIdAsync(int)' porque no tiene el tipo de valor devuelto coincidente de 'Task<Usuario?>'. [C:\Users\esteb\Desktop\Tiquicia_Lodge\Tiquicia_Lodge.Application\Tiquicia_Lodge.Application.csproj]
C:\Users\esteb\Desktop\Tiquicia_Lodge\Tiquicia_Lodge.Application\Services\PropiedadService.cs(9,37): error CS0738: 'PropiedadService' no implementa el miembro de interfaz 'IPropiedadService.GetByIdAsync(int)'. 'PropiedadService.GetByIdAsync(int)' no puede implementar 'IPropiedadService.GetByIdAsync(int)' porque no tiene el tipo de valor devuelto coincidente de 'Task<Propiedad?>'. [C:\Users\esteb\Desktop\Tiquicia_Lodge\Tiquicia_Lodge.Application\Tiquicia_Lodge.Application.csproj]

ERROR al compilar.

C:\Users\esteb\Desktop\Tiquicia_Lodge\Tiquicia_Lodge.Application\Services\PagoService.cs(23,22): error CS7003: Uso inesperado de un nombre gen├®rico sin enlazar [C:\Users\esteb\Desktop\Tiquicia_Lodge\Tiquicia_Lodge.Application\Tiquicia_Lodge.Application.csproj]
C:\Users\esteb\Desktop\Tiquicia_Lodge\Tiquicia_Lodge.Application\Services\PagoService.cs(9,32): error CS0738: 'PagoService' no implementa el miembro de interfaz 'IPagoService.GetByIdAsync(int)'. 'PagoService.GetByIdAsync(int)' no puede implementar 'IPagoService.GetByIdAsync(int)' porque no tiene el tipo de valor devuelto coincidente de 'Task<Pago?>'. [C:\Users\esteb\Desktop\Tiquicia_Lodge\Tiquicia_Lodge.Application\Tiquicia_Lodge.Application.csproj]
C:\Users\esteb\Desktop\Tiquicia_Lodge\Tiquicia_Lodge.Application\Services\CalificacionPropiedadService.cs(23,22): error CS7003: Uso inesperado de un nombre gen├®rico sin enlazar [C:\Users\esteb\Desktop\Tiquicia_Lodge\Tiquicia_Lodge.Application\Tiquicia_Lodge.Application.csproj]
C:\Users\esteb\Desktop\Tiquicia_Lodge\Tiquicia_Lodge.Application\Services\CalificacionPropiedadService.cs(9,49): error CS0738: 'CalificacionPropiedadService' no implementa el miembro de interfaz 'ICalificacionPropiedadService.GetByIdAsync(int)'. 'CalificacionPropiedadService.GetByIdAsync(int)' no puede implementar 'ICalificacionPropiedadService.GetByIdAsync(int)' porque no tiene el tipo de valor devuelto coincidente de 'Task<CalificacionPropiedad?>'. [C:\Users\esteb\Desktop\Tiquicia_Lodge\Tiquicia_Lodge.Application\Tiquicia_Lodge.Application.csproj]
C:\Users\esteb\Desktop\Tiquicia_Lodge\Tiquicia_Lodge.Application\Services\ReservaService.cs(23,22): error CS7003: Uso inesperado de un nombre gen├®rico sin enlazar [C:\Users\esteb\Desktop\Tiquicia_Lodge\Tiquicia_Lodge.Application\Tiquicia_Lodge.Application.csproj]
C:\Users\esteb\Desktop\Tiquicia_Lodge\Tiquicia_Lodge.Application\Services\UsuarioService.cs(23,22): error CS7003: Uso inesperado de un nombre gen├®rico sin enlazar [C:\Users\esteb\Desktop\Tiquicia_Lodge\Tiquicia_Lodge.Application\Tiquicia_Lodge.Application.csproj]
C:\Users\esteb\Desktop\Tiquicia_Lodge\Tiquicia_Lodge.Application\Services\ReservaService.cs(9,35): error CS0738: 'ReservaService' no implementa el miembro de interfaz 'IReservaService.GetByIdAsync(int)'. 'ReservaService.GetByIdAsync(int)' no puede implementar 'IReservaService.GetByIdAsync(int)' porque no tiene el tipo de valor devuelto coincidente de 'Task<Reserva?>'. [C:\Users\esteb\Desktop\Tiquicia_Lodge\Tiquicia_Lodge.Application\Tiquicia_Lodge.Application.csproj]
C:\Users\esteb\Desktop\Tiquicia_Lodge\Tiquicia_Lodge.Application\Services\PropiedadService.cs(23,22): error CS7003: Uso inesperado de un nombre gen├®rico sin enlazar [C:\Users\esteb\Desktop\Tiquicia_Lodge\Tiquicia_Lodge.Application\Tiquicia_Lodge.Application.csproj]
C:\Users\esteb\Desktop\Tiquicia_Lodge\Tiquicia_Lodge.Application\Services\UsuarioService.cs(9,35): error CS0738: 'UsuarioService' no implementa el miembro de interfaz 'IUsuarioService.GetByIdAsync(int)'. 'UsuarioService.GetByIdAsync(int)' no puede implementar 'IUsuarioService.GetByIdAsync(int)' porque no tiene el tipo de valor devuelto coincidente de 'Task<Usuario?>'. [C:\Users\esteb\Desktop\Tiquicia_Lodge\Tiquicia_Lodge.Application\Tiquicia_Lodge.Application.csproj]
C:\Users\esteb\Desktop\Tiquicia_Lodge\Tiquicia_Lodge.Application\Services\PropiedadService.cs(9,37): error CS0738: 'PropiedadService' no implementa el miembro de interfaz 'IPropiedadService.GetByIdAsync(int)'. 'PropiedadService.GetByIdAsync(int)' no puede implementar 'IPropiedadService.GetByIdAsync(int)' porque no tiene el tipo de valor devuelto coincidente de 'Task<Propiedad?>'. [C:\Users\esteb\Desktop\Tiquicia_Lodge\Tiquicia_Lodge.Application\Tiquicia_Lodge.Application.csproj]
    0 Advertencia(s)
    10 Errores

Tiempo transcurrido 00:00:02.17
